---
source: tui/src/chatwidget/tests.rs
expression: terminal.backend()
---
"                                                                                                    "
"                                                                                                    "
"› Ask Codex to do anything                                                                          "
"                                                                                                    "
"  Full [████████] 245K · Compact [████████] 219K                                                    "
