---
source: tui/src/chatwidget/tests.rs
expression: terminal.backend()
---
"                                                                                                    "
"                                                                                                    "
"› Ask Codex to do anything                                                                          "
"                                                                                                    "
"  Full [██████] 258K · Compact [██████] 231K                                                        "
